:AfterLife 001 client0 :Welcome to the Internet Relay Network, user0
:AfterLife 001 client1 :Welcome to the Internet Relay Network, user1
:client0!user0@10.12.2.6 JOIN #chan * :user0
:AfterLife 475 client1 #chan :Cannot join channel (+k)
:AfterLife 475 client1 #chan :Cannot join channel (+k)
:AfterLife 475 client1 #chan :Cannot join channel (+k)
:client1!user1@10.12.2.6 JOIN #chan * :user1
:client1!user1@10.12.2.6 JOIN #chan * :user1
:client0!user0@10.12.2.6 QUIT :Leaving
